about.mdx | 1e889f449f5781c37104f9fad86ebf05
getting-started.mdx | b3b7fbd6b492e7801a5b02ed9913daca
reference/authentication.mdx | 564bab6b6e0ebd699ab03a5d48353722
reference/cli.mdx | de1c9df802761e6c17b46a2154df21fd
reference/flow.mdx | b409573c18bf4d1e074d2b0c344f2f7a
reference/telemetry.mdx | 6bccf6ee6529b2102a60b941966febfa
reference/configuration.mdx | 879be81a8538a7e2fd34e845d72c14ad
reference/labels.mdx | f4c48667df3809d065d12aa18e9af6e5
reference/headers.mdx | fa5ae5af5e8b980a3acc8c514e23e1e1
reference/changelog.mdx | ccacf94861c67e850177a65b90eab1ea
integrations/zerobyte.mdx | bdfebd729458f1ccf700224241b8157c
contributing/contributing.mdx | 1117d6fcc0d32b5a03fa627fa6bdc756
community/caddy.mdx | 710ea501a1cd18548103fcec7d76e862
community/kubernetes.mdx | 64852f2004d533664e6d08b65933b536
community/zitadel-oauth.mdx | 87d3b156a281bc9766dbba67108b3ae0
guides/using-the-binary.mdx | 50b3931bfd96bc9a6af5f39f7b4504fd
guides/totp.mdx | e8be1169ed48c1bb18ccee71e2c9a9f8
guides/ldap.mdx | a7e1a57c7b7a05cf42008c5715a00bd6
guides/advanced.mdx | 53ebcfb055e8ced55920f4635aa0d1d3
guides/pocket-id.mdx | e878532c0d9ce788e8bb9108cea75a9c
guides/github-oauth.mdx | 7fa3d1894e9aba9a7b93db6abd1d05b3
guides/nginx-proxy-manager.mdx | 0f856cad69a3257483e11f08075e98d2
guides/runtipi.mdx | fe4741add036704f5a27612e8647735e
guides/github-app-oauth.mdx | 5c3af2177ffa72fc159f12576b855c2d
guides/oidc.mdx | 31d911c3ebac4b3f8f0a63bb5b07ebcf
guides/access-controls.mdx | c6025b8b7f82077ae1f3768574820dff
guides/google-oauth.mdx | 0025aef51ecea6181957b57beacb7c7a
guides/other-oauth.mdx | 6b96c12dde8ed0b207cf69c9d3e0dc10
breaking-updates/3-to-4.mdx | 9893d8c7366a64fe0938614b28b9ac0a
breaking-updates/4-to-5.mdx | 845a7fb26416ea0ebf77b4ce2de67eaa
